Homepage intro patched: 3s eye, burn reveal, 3s mask, welcome dissolve.
patch_homepage_status=0
Live verifier intelligence routes already current.
Release metadata routing already current in strict production Worker.
patch_routing_status=0
node:fs:1350
  const result = binding.mkdir(
                         ^

Error: EEXIST: file already exists, mkdir '/home/runner/work/matrixreprogrammed/matrixreprogrammed/_site/follow-the-money'
    at Object.mkdirSync (node:fs:1350:26)
    at ensureDir (/home/runner/work/matrixreprogrammed/matrixreprogrammed/scripts/finalize-money-intelligence-release.js:30:30)
    at copyFile (/home/runner/work/matrixreprogrammed/matrixreprogrammed/scripts/finalize-money-intelligence-release.js:35:3)
    at Object.<anonymous> (/home/runner/work/matrixreprogrammed/matrixreprogrammed/scripts/finalize-money-intelligence-release.js:96:4)
    at Module._compile (node:internal/modules/cjs/loader:1871:14)
    at Object..js (node:internal/modules/cjs/loader:2002:10)
    at Module.load (node:internal/modules/cjs/loader:1594:32)
    at Module._load (node:internal/modules/cjs/loader:1396:12)
    at wrapModuleLoad (node:internal/modules/cjs/loader:255:19)
    at Module.executeUserEntryPoint [as runMain] (node:internal/modules/run_main:154:5) {
  errno: -17,
  code: 'EEXIST',
  syscall: 'mkdir',
  path: '/home/runner/work/matrixreprogrammed/matrixreprogrammed/_site/follow-the-money'
}

Node.js v24.18.0
node:child_process:964
    throw err;
    ^

Error: Command failed: /opt/hostedtoolcache/node/24.18.0/x64/bin/node /home/runner/work/matrixreprogrammed/matrixreprogrammed/scripts/finalize-money-intelligence-release.js
    at genericNodeError (node:internal/errors:985:15)
    at wrappedFn (node:internal/errors:539:14)
    at checkExecSyncError (node:child_process:925:11)
    at execFileSync (node:child_process:961:15)
    at Object.<anonymous> (/home/runner/work/matrixreprogrammed/matrixreprogrammed/scripts/build-deploy-manifest.js:14:3)
    at Module._compile (node:internal/modules/cjs/loader:1871:14)
    at Object..js (node:internal/modules/cjs/loader:2002:10)
    at Module.load (node:internal/modules/cjs/loader:1594:32)
    at Module._load (node:internal/modules/cjs/loader:1396:12)
    at wrapModuleLoad (node:internal/modules/cjs/loader:255:19) {
  status: 1,
  signal: null,
  output: [ null, null, null ],
  pid: 2340,
  stdout: null,
  stderr: null
}

Node.js v24.18.0
manifest_status=1
Public site error repair complete: 1 file(s), 0 deployed-output HTML file(s), 0 data file(s), 0 duplicate id(s), 0 dynamic route repair(s), 8 outdated URL(s), 0 unavailable store link(s) removed.
{
  "ok": false,
  "buildSha": "1e5a7ba50224fdd851a418691f1931b2607f0c45",
  "buildShortSha": "1e5a7ba50224",
  "generatedAt": "2026-07-21T14:38:13.680Z",
  "target": "Cloudflare Worker with _site assets",
  "workerScript": "src/worker-production.js",
  "forumStorage": "Cloudflare D1 MEMBERS_DB.forum_posts is authoritative; KV is compatibility and recovery only.",
  "forumFailureMode": "Fail closed. Legacy forum responses cannot report success when D1 is missing or unhealthy.",
  "paymentStatus": "runtime-gated-dashboard-managed",
  "paymentMessage": "PayPal credentials, webhook and environment switches are managed in Cloudflare. Checkout opens only when credentials, the environment switch, the D1 switch, live confirmation and all three active plans agree.",
  "checkoutDefault": "runtime-d1-gated",
  "runtimeConfigurationOwner": "Cloudflare dashboard",
  "sandboxCheckoutPolicy": "closed outside an explicit sandbox rehearsal",
  "productionPaymentsEnabled": null,
  "manifestSha": null,
  "manifestMatches": false,
  "routes": [
    "/",
    "/membership",
    "/billing-dashboard",
    "/admin-payment-dashboard",
    "/api/paypal/config",
    "/live-intel",
    "/security-privacy",
    "/dark-web-safety",
    "/geographic-power-atlas",
    "/data-lab",
    "/evidence-archive",
    "/search",
    "/forum-health",
    "/forum-health",
    "/forum-health"
  ],
  "modules": [
    {
      "name": "Homepage eye-to-mask sequence",
      "route": "/",
      "file": "index.html",
      "markers": [
        "data-homepage-mask-intro",
        "assets/intro-eye.svg",
        "assets/intro-mask.svg"
      ],
      "exists": true,
      "ready": true,
      "missingMarkers": [],
      "hash": "db166402b24b1095"
    },
    {
      "name": "Server-gated membership tiers",
      "route": "/membership",
      "file": "membership.html",
      "markers": [
        "Free Member",
        "€3",
        "€6",
        "€9",
        "paypal-membership.js",
        "paypal-membership-status"
      ],
      "exists": true,
      "ready": false,
      "missingMarkers": [
        "Free Member",
        "€3",
        "€6",
        "paypal-membership.js",
        "paypal-membership-status"
      ],
      "hash": "526ba9391fc815e1"
    },
    {
      "name": "Member billing dashboard",
      "route": "/billing-dashboard",
      "file": "billing-dashboard.html",
      "markers": [
        "billing-dashboard.js"
      ],
      "exists": true,
      "ready": true,
      "missingMarkers": [],
      "hash": "00a589a639232780"
    },
    {
      "name": "Payment administration",
      "route": "/admin-payment-dashboard",
      "file": "admin-payment-dashboard.html",
      "markers": [
        "admin-payment-dashboard.js"
      ],
      "exists": true,
      "ready": true,
      "missingMarkers": [],
      "hash": "89088adfd528d770"
    },
    {
      "name": "PayPal subscription Worker",
      "route": "/api/paypal/config",
      "file": "src/worker-paypal-subscriptions.js",
      "markers": [
        "cloudflare-worker-paypal-subscriptions",
        "/api/paypal/webhook",
        "PAYPAL_PRODUCTION_ENABLED",
        "paypal_runtime_settings"
      ],
      "exists": true,
      "ready": true,
      "missingMarkers": [],
      "hash": "0c51b0475eaf6263"
    },
    {
      "name": "Live Intel",
      "route": "/live-intel",
      "file": "live-intel.html",
      "markers": [
        "LIVE INTEL"
      ],
      "exists": true,
      "ready": true,
      "missingMarkers": [],
      "hash": "38052d60210c0590"
    },
    {
      "name": "Security and privacy",
      "route": "/security-privacy",
      "file": "security-privacy.html",
      "markers": [
        "SECURITY"
      ],
      "exists": true,
      "ready": true,
      "missingMarkers": [],
      "hash": "f2f53b12f9aa69a8"
    },
    {
      "name": "Dark web safety",
      "route": "/dark-web-safety",
      "file": "dark-web-safety.html",
      "markers": [
        "DARK WEB SAFETY"
      ],
      "exists": true,
      "ready": true,
      "missingMarkers": [],
      "hash": "0529b5c350d4c8c2"
    },
    {
      "name": "Geographic Power Atlas",
      "route": "/geographic-power-atlas",
      "file": "geographic-power-atlas.html",
      "markers": [
        "GEOGRAPHIC POWER ATLAS"
      ],
      "exists": true,
      "ready": true,
      "missingMarkers": [],
      "hash": "737d622e7b7feae8"
    },
    {
      "name": "Public Data Laboratory",
      "route": "/data-lab",
      "file": "data-lab.html",
      "markers": [
        "PUBLIC DATA"
      ],
      "exists": true,
      "ready": true,
      "missingMarkers": [],
      "hash": "5e7e9703c69ea265"
    },
    {
      "name": "Evidence Archive",
      "route": "/evidence-archive",
      "file": "evidence-archive.html",
      "markers": [
        "EVIDENCE ARCHIVE"
      ],
      "exists": true,
      "ready": true,
      "missingMarkers": [],
      "hash": "c5d9ff60e3753f87"
    },
    {
      "name": "Search the Machine",
      "route": "/search",
      "file": "search.html",
      "markers": [
        "SEARCH THE MACHINE"
      ],
      "exists": true,
      "ready": true,
      "missingMarkers": [],
      "hash": "e0d5e826d92f7ba6"
    },
    {
      "name": "Strict production Worker",
      "route": "/forum-health",
      "file": "src/worker-production.js",
      "markers": [
        "non-authoritative-forum-response-blocked",
        "members-db-binding-unavailable",
        "cloudflare-worker-forum-d1",
        "cloudflare-worker-paypal-subscriptions"
      ],
      "exists": true,
      "ready": true,
      "missingMarkers": [],
      "hash": "05a25357bd554cf0"
    },
    {
      "name": "D1 forum persistence Worker",
      "route": "/forum-health",
      "file": "src/worker-forum-persistence.js",
      "markers": [
        "Cloudflare D1 MEMBERS_DB.forum_posts",
        "d1Connected: true",
        "storedPostCount"
      ],
      "exists": true,
      "ready": true,
      "missingMarkers": [],
      "hash": "160c24c958c3b936"
    },
    {
      "name": "Cloudflare runtime preservation",
      "route": "/forum-health",
      "file": "wrangler.toml",
      "markers": [
        "main = \"src/worker-production.js\"",
        "binding = \"MEMBERS_DB\"",
        "run_worker_first = true",
        "keep_vars = true",
        "Runtime payment credentials and activation switches are managed in the Cloudflare dashboard"
      ],
      "exists": true,
      "ready": true,
      "missingMarkers": [],
      "hash": "d60bf239f621a267"
    }
  ]
}
health_status=1
/home/runner/work/matrixreprogrammed/matrixreprogrammed/scripts/publish-release-metadata-assets.js:14
  if (!fs.existsSync(full)) throw new Error(`Release metadata source missing: ${rel}`);
                            ^

Error: Release metadata source missing: deploy-manifest.json
    at readJson (/home/runner/work/matrixreprogrammed/matrixreprogrammed/scripts/publish-release-metadata-assets.js:14:35)
    at Object.<anonymous> (/home/runner/work/matrixreprogrammed/matrixreprogrammed/scripts/publish-release-metadata-assets.js:19:18)
    at Module._compile (node:internal/modules/cjs/loader:1871:14)
    at Object..js (node:internal/modules/cjs/loader:2002:10)
    at Module.load (node:internal/modules/cjs/loader:1594:32)
    at Module._load (node:internal/modules/cjs/loader:1396:12)
    at wrapModuleLoad (node:internal/modules/cjs/loader:255:19)
    at Module.executeUserEntryPoint [as runMain] (node:internal/modules/run_main:154:5)
    at node:internal/main/run_main_module:33:47

Node.js v24.18.0
publish_status=1
